// Jest Snapshot v1, https://goo.gl/fbAQLP

exports[`Pruebas sobre GifExpertApp Debe de hacer match con snapshot 1`] = `
<div>
  <h2>
    GifExpertApp
  </h2>
  <AddCategory
    setCategories={[Function]}
  />
  <hr />
  <div
    className="d-flex flex-column-reverse justify-content-start"
  />
</div>
`;
